Traceback (most recent call last):
  File "C:\realtor_agent\test_integration.py", line 58, in <module>
    sys.exit(main())
             ^^^^^^
  File "C:\realtor_agent\test_integration.py", line 39, in main
    print("\U0001f9ea Testing Master Guide Integration...")
  File "C:\Users\sdtho\AppData\Local\Programs\Python\Python312\Lib\encodings\cp1252.py", line 19, in encode
    return codecs.charmap_encode(input,self.errors,encoding_table)[0]
           ^^^^^^^^^^^^^^^^^^^^^^^^^^^^^^^^^^^^^^^^^^^^^^^^^^^^^^^
UnicodeEncodeError: 'charmap' codec can't encode character '\U0001f9ea' in position 0: character maps to <undefined>
